// Jest Snapshot v1, https://goo.gl/fbAQLP

exports[`Button component Should match the snapshot 1`] = `
<DocumentFragment>
  <button
    class="sc-bdvvtL dYqtVo"
    disabled=""
  >
    Button
  </button>
</DocumentFragment>
`;
