// Jest Snapshot v1, https://goo.gl/fbAQLP

exports[`Input component Should match the snapshot 1`] = `
<DocumentFragment>
  <input
    class="sc-gsDKAQ cKAcLQ"
    value=""
  />
</DocumentFragment>
`;
